// Jest Snapshot v1, https://goo.gl/fbAQLP

exports[`if FormDroppdown works properly snapshot redered 1`] = `
{
  "asFragment": [Function],
  "baseElement": <body>
    <div>
      <div
        class="form-dropdown"
      >
        <label
          data-testid="form-dropdown-label"
        />
        <select
          class="form-dropdown-select"
          data-testid="form-dropdown-select"
          style="color: gray;"
        >
          <option
            data-testid="form-dropdown-placeholder"
            disabled=""
            hidden=""
            value=""
          />
          <option
            data-testid="form-dropdown-option"
            value="value1"
          >
            label1
          </option>
          <option
            data-testid="form-dropdown-option"
            value="value2"
          >
            label2
          </option>
          <option
            data-testid="form-dropdown-option"
            value="value3"
          >
            label3
          </option>
          <option
            data-testid="form-dropdown-option"
            value="value4"
          >
            label4
          </option>
        </select>
      </div>
    </div>
  </body>,
  "container": <div>
    <div
      class="form-dropdown"
    >
      <label
        data-testid="form-dropdown-label"
      />
      <select
        class="form-dropdown-select"
        data-testid="form-dropdown-select"
        style="color: gray;"
      >
        <option
          data-testid="form-dropdown-placeholder"
          disabled=""
          hidden=""
          value=""
        />
        <option
          data-testid="form-dropdown-option"
          value="value1"
        >
          label1
        </option>
        <option
          data-testid="form-dropdown-option"
          value="value2"
        >
          label2
        </option>
        <option
          data-testid="form-dropdown-option"
          value="value3"
        >
          label3
        </option>
        <option
          data-testid="form-dropdown-option"
          value="value4"
        >
          label4
        </option>
      </select>
    </div>
  </div>,
  "debug": [Function],
  "findAllByAltText": [Function],
  "findAllByDisplayValue": [Function],
  "findAllByLabelText": [Function],
  "findAllByPlaceholderText": [Function],
  "findAllByRole": [Function],
  "findAllByTestId": [Function],
  "findAllByText": [Function],
  "findAllByTitle": [Function],
  "findByAltText": [Function],
  "findByDisplayValue": [Function],
  "findByLabelText": [Function],
  "findByPlaceholderText": [Function],
  "findByRole": [Function],
  "findByTestId": [Function],
  "findByText": [Function],
  "findByTitle": [Function],
  "getAllByAltText": [Function],
  "getAllByDisplayValue": [Function],
  "getAllByLabelText": [Function],
  "getAllByPlaceholderText": [Function],
  "getAllByRole": [Function],
  "getAllByTestId": [Function],
  "getAllByText": [Function],
  "getAllByTitle": [Function],
  "getByAltText": [Function],
  "getByDisplayValue": [Function],
  "getByLabelText": [Function],
  "getByPlaceholderText": [Function],
  "getByRole": [Function],
  "getByTestId": [Function],
  "getByText": [Function],
  "getByTitle": [Function],
  "queryAllByAltText": [Function],
  "queryAllByDisplayValue": [Function],
  "queryAllByLabelText": [Function],
  "queryAllByPlaceholderText": [Function],
  "queryAllByRole": [Function],
  "queryAllByTestId": [Function],
  "queryAllByText": [Function],
  "queryAllByTitle": [Function],
  "queryByAltText": [Function],
  "queryByDisplayValue": [Function],
  "queryByLabelText": [Function],
  "queryByPlaceholderText": [Function],
  "queryByRole": [Function],
  "queryByTestId": [Function],
  "queryByText": [Function],
  "queryByTitle": [Function],
  "rerender": [Function],
  "unmount": [Function],
}
`;
